
 RUN  v4.1.9 C:/Users/snail/Documents/TraeSolo/repos/repo-11

.\node-v20.11.1-win-x64\node.exe : stderr | src/tests/components/MonthlyTrendCh
art.test.tsx > MonthlyTrendChart > 鏁版嵁搴旇浼犻€掔粰鍥捐〃缁勪欢
所在位置 行:1 字符: 58
+ ... s\repo-11 ; .\node-v20.11.1-win-x64\node.exe .\node_modules\vitest\vi ...
+                 ~~~~~~~~~~~~~~~~~~~~~~~~~~~~~~~~~~~~~~~~~~~~~~~~~~~~~~~~~
    + CategoryInfo          : NotSpecified: (stderr | src/te...嵁搴旇浼犻€掔粰鍥捐〃缁勪欢 
   :String) [], RemoteException
    + FullyQualifiedErrorId : NativeCommandError
 
The width(-1) and height(-1) of chart should be greater than 0,
       please check the style of container, or the props width(100%) and height
(100%),
       or add a minWidth(0) or minHeight(undefined) or use aspect(undefined) to
 control the
       height and width.

 鉂?src/tests/components/MonthlyTrendChart.test.tsx (5 tests | 1 failed) 124ms
     脳 鏁版嵁搴旇浼犻€掔粰鍥捐〃缁勪欢 19ms
stderr | src/tests/integration/full-flow.test.tsx > 闆嗘垚娴嬭瘯锛氭寜鏈堢瓫閫夊姛鑳?> 鍒濆鏄剧ず褰撴
湀锛?鏈堬級鏁版嵁锛屽彧鍖呭惈6鏈堢殑鏀嚭
The width(-1) and height(-1) of chart should be greater than 0,
       please check the style of container, or the props width(100%) and height
(100%),
       or add a minWidth(0) or minHeight(undefined) or use aspect(undefined) to
 control the
       height and width.
The width(-1) and height(-1) of chart should be greater than 0,
       please check the style of container, or the props width(100%) and height
(100%),
       or add a minWidth(0) or minHeight(undefined) or use aspect(undefined) to
 control the
       height and width.

stderr | src/tests/integration/full-flow.test.tsx > 闆嗘垚娴嬭瘯锛氭寜鏈堢瓫閫夊姛鑳?> 鍒濆鏄剧ず褰撴
湀锛?鏈堬級鏁版嵁锛屽彧鍖呭惈6鏈堢殑鏀嚭
The width(-1) and height(-1) of chart should be greater than 0,
       please check the style of container, or the props width(100%) and height
(100%),
       or add a minWidth(0) or minHeight(undefined) or use aspect(undefined) to
 control the
       height and width.

stderr | src/tests/integration/full-flow.test.tsx > 闆嗘垚娴嬭瘯锛氭寜鏈堢瓫閫夊姛鑳?> 鍒囨崲鍒颁笂鏈堬
紙5鏈堬級鍚庯紝鍙樉绀?鏈堟暟鎹?The width(-1) and height(-1) of chart should be greater than 
0,
       please check the style of container, or the props width(100%) and height
(100%),
       or add a minWidth(0) or minHeight(undefined) or use aspect(undefined) to
 control the
       height and width.
The width(-1) and height(-1) of chart should be greater than 0,
       please check the style of container, or the props width(100%) and height
(100%),
       or add a minWidth(0) or minHeight(undefined) or use aspect(undefined) to
 control the
       height and width.

stderr | src/tests/integration/full-flow.test.tsx > 闆嗘垚娴嬭瘯锛氭寜鏈堢瓫閫夊姛鑳?> 鍒囨崲鍒颁笂鏈堬
紙5鏈堬級鍚庯紝鍙樉绀?鏈堟暟鎹?The width(-1) and height(-1) of chart should be greater than 
0,
       please check the style of container, or the props width(100%) and height
(100%),
       or add a minWidth(0) or minHeight(undefined) or use aspect(undefined) to
 control the
       height and width.

stderr | src/tests/integration/full-flow.test.tsx > 闆嗘垚娴嬭瘯锛氭寜鏈堢瓫閫夊姛鑳?> 鍒囧洖褰撴湀锛?
鏈堬級鍚庢暟鎹仮澶?The width(-1) and height(-1) of chart should be greater than 0,
       please check the style of container, or the props width(100%) and height
(100%),
       or add a minWidth(0) or minHeight(undefined) or use aspect(undefined) to
 control the
       height and width.
The width(-1) and height(-1) of chart should be greater than 0,
       please check the style of container, or the props width(100%) and height
(100%),
       or add a minWidth(0) or minHeight(undefined) or use aspect(undefined) to
 control the
       height and width.

stderr | src/tests/integration/full-flow.test.tsx > 闆嗘垚娴嬭瘯锛氭寜鏈堢瓫閫夊姛鑳?> 鍒囧洖褰撴湀锛?
鏈堬級鍚庢暟鎹仮澶?The width(-1) and height(-1) of chart should be greater than 0,
       please check the style of container, or the props width(100%) and height
(100%),
       or add a minWidth(0) or minHeight(undefined) or use aspect(undefined) to
 control the
       height and width.

stderr | src/tests/integration/full-flow.test.tsx > 闆嗘垚娴嬭瘯锛氭寜鏈堢瓫閫夊姛鑳?> 杩?涓湀瓒嬪娍
鍥惧簲璇ュ寘鍚?鏈堝拰6鏈堢殑鏁版嵁
The width(-1) and height(-1) of chart should be greater than 0,
       please check the style of container, or the props width(100%) and height
(100%),
       or add a minWidth(0) or minHeight(undefined) or use aspect(undefined) to
 control the
       height and width.
The width(-1) and height(-1) of chart should be greater than 0,
       please check the style of container, or the props width(100%) and height
(100%),
       or add a minWidth(0) or minHeight(undefined) or use aspect(undefined) to
 control the
       height and width.

stderr | src/tests/integration/full-flow.test.tsx > 闆嗘垚娴嬭瘯锛氭寜鏈堢瓫閫夊姛鑳?> 杩?涓湀瓒嬪娍
鍥惧簲璇ュ寘鍚?鏈堝拰6鏈堢殑鏁版嵁
The width(-1) and height(-1) of chart should be greater than 0,
       please check the style of container, or the props width(100%) and height
(100%),
       or add a minWidth(0) or minHeight(undefined) or use aspect(undefined) to
 control the
       height and width.

stderr | src/tests/integration/full-flow.test.tsx > 闆嗘垚娴嬭瘯锛氭寜鏈堢瓫閫夊姛鑳?> 鍒囨崲鏈堜唤鍚庯
紝鏀嚭鎬婚噾棰濆簲璇ユ洿鏂?The width(-1) and height(-1) of chart should be greater than 0,
       please check the style of container, or the props width(100%) and height
(100%),
       or add a minWidth(0) or minHeight(undefined) or use aspect(undefined) to
 control the
       height and width.
The width(-1) and height(-1) of chart should be greater than 0,
       please check the style of container, or the props width(100%) and height
(100%),
       or add a minWidth(0) or minHeight(undefined) or use aspect(undefined) to
 control the
       height and width.

stderr | src/tests/integration/full-flow.test.tsx > 闆嗘垚娴嬭瘯锛氭寜鏈堢瓫閫夊姛鑳?> 鍒囨崲鏈堜唤鍚庯
紝鏀嚭鎬婚噾棰濆簲璇ユ洿鏂?The width(-1) and height(-1) of chart should be greater than 0,
       please check the style of container, or the props width(100%) and height
(100%),
       or add a minWidth(0) or minHeight(undefined) or use aspect(undefined) to
 control the
       height and width.

 鉂?src/tests/integration/full-flow.test.tsx (10 tests | 10 failed) 100215ms
     脳 璁颁竴绗旈楗敮鍑哄悗锛岃处鍗曞垪琛ㄥ簲璇ュ嚭鐜拌繖鏉¤褰?10039ms
     脳 璁颁竴绗旈楗敮鍑哄悗锛岀粺璁￠〉楗煎浘椁愰ギ鍒嗙被閲戦搴旇澧炲姞 10021ms
     脳 璁颁竴绗旈楗敮鍑哄悗锛岄绠楅〉椁愰ギ杩涘害鏉″簲璇ユ洿鏂?10022ms
     脳 棣栭〉棰勭畻鎬昏搴旇鏄剧ず椁愰ギ鏀嚭杩涘害 10015ms
     脳 瓒呮敮鏃跺簲璇ユ樉绀鸿秴鏀鍛?10022ms
     脳 鍒濆鏄剧ず褰撴湀锛?鏈堬級鏁版嵁锛屽彧鍖呭惈6鏈堢殑鏀嚭 10016ms
     脳 鍒囨崲鍒颁笂鏈堬紙5鏈堬級鍚庯紝鍙樉绀?鏈堟暟鎹?10022ms
     脳 鍒囧洖褰撴湀锛?鏈堬級鍚庢暟鎹仮澶?10013ms
     脳 杩?涓湀瓒嬪娍鍥惧簲璇ュ寘鍚?鏈堝拰6鏈堢殑鏁版嵁 10022ms
     脳 鍒囨崲鏈堜唤鍚庯紝鏀嚭鎬婚噾棰濆簲璇ユ洿鏂?10014ms

鈳幆鈳幆鈳幆 Failed Tests 11 鈳幆鈳幆鈳幆鈳?
 FAIL  src/tests/components/MonthlyTrendChart.test.tsx > MonthlyTrendChart > 鏁版
嵁搴旇浼犻€掔粰鍥捐〃缁勪欢
Error: [2mexpect([22m[31mreceived[39m[2m).toBeInTheDocument()[22m

[31mreceived[39m value must be an HTMLElement or an SVGElement.
Received has type:  Null
Received has value: [31mnull[39m
 鉂?src/tests/components/MonthlyTrendChart.test.tsx:47:17
     45|     expect(rechartsContainer).toBeInTheDocument();
     46|     const svg = container.querySelector('svg');
     47|     expect(svg).toBeInTheDocument();
       |                 ^
     48|   });
     49| });

鈳幆鈳幆鈳幆鈳幆鈳幆鈳幆鈳幆鈳幆鈳幆鈳幆鈳幆鈳痆1/11]鈳?
 FAIL  src/tests/integration/full-flow.test.tsx > 闆嗘垚娴嬭瘯锛氳璐﹀埌缁熻鑱斿姩娴佺▼ > 璁颁竴绗旈
楗敮鍑哄悗锛岃处鍗曞垪琛ㄥ簲璇ュ嚭鐜拌繖鏉¤褰?Error: Test timed out in 10000ms.
If this is a long-running test, pass a timeout value as the last argument or co
nfigure it globally with "testTimeout".
 鉂?src/tests/integration/full-flow.test.tsx:41:3
     39|   });
     40|
     41|   it('璁颁竴绗旈楗敮鍑哄悗锛岃处鍗曞垪琛ㄥ簲璇ュ嚭鐜拌繖鏉¤褰?, { timeout: 10000 }, async () =
> {
       |   ^
     42|     renderWithRouter('/');
     43|

鈳幆鈳幆鈳幆鈳幆鈳幆鈳幆鈳幆鈳幆鈳幆鈳幆鈳幆鈳痆2/11]鈳?
 FAIL  src/tests/integration/full-flow.test.tsx > 闆嗘垚娴嬭瘯锛氳璐﹀埌缁熻鑱斿姩娴佺▼ > 璁颁竴绗旈
楗敮鍑哄悗锛岀粺璁￠〉楗煎浘椁愰ギ鍒嗙被閲戦搴旇澧炲姞
Error: Test timed out in 10000ms.
If this is a long-running test, pass a timeout value as the last argument or co
nfigure it globally with "testTimeout".
 鉂?src/tests/integration/full-flow.test.tsx:75:3
     73|   });
     74|
     75|   it('璁颁竴绗旈楗敮鍑哄悗锛岀粺璁￠〉楗煎浘椁愰ギ鍒嗙被閲戦搴旇澧炲姞', { timeout: 10000 }, async
 () => {
       |   ^
     76|     renderWithRouter('/');
     77|

鈳幆鈳幆鈳幆鈳幆鈳幆鈳幆鈳幆鈳幆鈳幆鈳幆鈳幆鈳痆3/11]鈳?
 FAIL  src/tests/integration/full-flow.test.tsx > 闆嗘垚娴嬭瘯锛氳璐﹀埌缁熻鑱斿姩娴佺▼ > 璁颁竴绗旈
楗敮鍑哄悗锛岄绠楅〉椁愰ギ杩涘害鏉″簲璇ユ洿鏂?Error: Test timed out in 10000ms.
If this is a long-running test, pass a timeout value as the last argument or co
nfigure it globally with "testTimeout".
 鉂?src/tests/integration/full-flow.test.tsx:110:3
    108|   });
    109|
    110|   it('璁颁竴绗旈楗敮鍑哄悗锛岄绠楅〉椁愰ギ杩涘害鏉″簲璇ユ洿鏂?, { timeout: 10000 }, async () =
> {
       |   ^
    111|     renderWithRouter('/');
    112|

鈳幆鈳幆鈳幆鈳幆鈳幆鈳幆鈳幆鈳幆鈳幆鈳幆鈳幆鈳痆4/11]鈳?
 FAIL  src/tests/integration/full-flow.test.tsx > 闆嗘垚娴嬭瘯锛氳璐﹀埌缁熻鑱斿姩娴佺▼ > 棣栭〉棰勭
畻鎬昏搴旇鏄剧ず椁愰ギ鏀嚭杩涘害
Error: Test timed out in 10000ms.
If this is a long-running test, pass a timeout value as the last argument or co
nfigure it globally with "testTimeout".
 鉂?src/tests/integration/full-flow.test.tsx:145:3
    143|   });
    144|
    145|   it('棣栭〉棰勭畻鎬昏搴旇鏄剧ず椁愰ギ鏀嚭杩涘害', { timeout: 10000 }, async () => {
       |   ^
    146|     renderWithRouter('/');
    147|

鈳幆鈳幆鈳幆鈳幆鈳幆鈳幆鈳幆鈳幆鈳幆鈳幆鈳幆鈳痆5/11]鈳?
 FAIL  src/tests/integration/full-flow.test.tsx > 闆嗘垚娴嬭瘯锛氳璐﹀埌缁熻鑱斿姩娴佺▼ > 瓒呮敮鏃跺
簲璇ユ樉绀鸿秴鏀鍛?Error: Test timed out in 10000ms.
If this is a long-running test, pass a timeout value as the last argument or co
nfigure it globally with "testTimeout".
 鉂?src/tests/integration/full-flow.test.tsx:174:3
    172|   });
    173|
    174|   it('瓒呮敮鏃跺簲璇ユ樉绀鸿秴鏀鍛?, { timeout: 10000 }, async () => {
       |   ^
    175|     renderWithRouter('/');
    176|

鈳幆鈳幆鈳幆鈳幆鈳幆鈳幆鈳幆鈳幆鈳幆鈳幆鈳幆鈳痆6/11]鈳?
 FAIL  src/tests/integration/full-flow.test.tsx > 闆嗘垚娴嬭瘯锛氭寜鏈堢瓫閫夊姛鑳?> 鍒濆鏄剧ず褰撴湀锛
?鏈堬級鏁版嵁锛屽彧鍖呭惈6鏈堢殑鏀嚭
Error: Test timed out in 10000ms.
If this is a long-running test, pass a timeout value as the last argument or co
nfigure it globally with "testTimeout".
 鉂?src/tests/integration/full-flow.test.tsx:249:3
    247|   });
    248|
    249|   it('鍒濆鏄剧ず褰撴湀锛?鏈堬級鏁版嵁锛屽彧鍖呭惈6鏈堢殑鏀嚭', { timeout: 10000 }, async () =>
 {
       |   ^
    250|     renderWithRouter('/stats');
    251|

鈳幆鈳幆鈳幆鈳幆鈳幆鈳幆鈳幆鈳幆鈳幆鈳幆鈳幆鈳痆7/11]鈳?
 FAIL  src/tests/integration/full-flow.test.tsx > 闆嗘垚娴嬭瘯锛氭寜鏈堢瓫閫夊姛鑳?> 鍒囨崲鍒颁笂鏈堬紙5
鏈堬級鍚庯紝鍙樉绀?鏈堟暟鎹?Error: Test timed out in 10000ms.
If this is a long-running test, pass a timeout value as the last argument or co
nfigure it globally with "testTimeout".
 鉂?src/tests/integration/full-flow.test.tsx:267:3
    265|   });
    266|
    267|   it('鍒囨崲鍒颁笂鏈堬紙5鏈堬級鍚庯紝鍙樉绀?鏈堟暟鎹?, { timeout: 10000 }, async () => {
       |   ^
    268|     renderWithRouter('/stats');
    269|

鈳幆鈳幆鈳幆鈳幆鈳幆鈳幆鈳幆鈳幆鈳幆鈳幆鈳幆鈳痆8/11]鈳?
 FAIL  src/tests/integration/full-flow.test.tsx > 闆嗘垚娴嬭瘯锛氭寜鏈堢瓫閫夊姛鑳?> 鍒囧洖褰撴湀锛?鏈堬
級鍚庢暟鎹仮澶?Error: Test timed out in 10000ms.
If this is a long-running test, pass a timeout value as the last argument or co
nfigure it globally with "testTimeout".
 鉂?src/tests/integration/full-flow.test.tsx:290:3
    288|   });
    289|
    290|   it('鍒囧洖褰撴湀锛?鏈堬級鍚庢暟鎹仮澶?, { timeout: 10000 }, async () => {
       |   ^
    291|     renderWithRouter('/stats');
    292|

鈳幆鈳幆鈳幆鈳幆鈳幆鈳幆鈳幆鈳幆鈳幆鈳幆鈳幆鈳痆9/11]鈳?
 FAIL  src/tests/integration/full-flow.test.tsx > 闆嗘垚娴嬭瘯锛氭寜鏈堢瓫閫夊姛鑳?> 杩?涓湀瓒嬪娍鍥惧
簲璇ュ寘鍚?鏈堝拰6鏈堢殑鏁版嵁
Error: Test timed out in 10000ms.
If this is a long-running test, pass a timeout value as the last argument or co
nfigure it globally with "testTimeout".
 鉂?src/tests/integration/full-flow.test.tsx:318:3
    316|   });
    317|
    318|   it('杩?涓湀瓒嬪娍鍥惧簲璇ュ寘鍚?鏈堝拰6鏈堢殑鏁版嵁', { timeout: 10000 }, async () => {
       |   ^
    319|     renderWithRouter('/stats');
    320|

鈳幆鈳幆鈳幆鈳幆鈳幆鈳幆鈳幆鈳幆鈳幆鈳幆鈳幆[10/11]鈳?
 FAIL  src/tests/integration/full-flow.test.tsx > 闆嗘垚娴嬭瘯锛氭寜鏈堢瓫閫夊姛鑳?> 鍒囨崲鏈堜唤鍚庯紝鏀
嚭鎬婚噾棰濆簲璇ユ洿鏂?Error: Test timed out in 10000ms.
If this is a long-running test, pass a timeout value as the last argument or co
nfigure it globally with "testTimeout".
 鉂?src/tests/integration/full-flow.test.tsx:328:3
    326|   });
    327|
    328|   it('鍒囨崲鏈堜唤鍚庯紝鏀嚭鎬婚噾棰濆簲璇ユ洿鏂?, { timeout: 10000 }, async () => {
       |   ^
    329|     renderWithRouter('/stats');
    330|

鈳幆鈳幆鈳幆鈳幆鈳幆鈳幆鈳幆鈳幆鈳幆鈳幆鈳幆[11/11]鈳?

 Test Files  2 failed | 8 passed (10)
      Tests  11 failed | 90 passed (101)
   Start at  13:55:25
   Duration  109.77s (transform 2.41s, setup 13.06s, import 11.77s, tests 102.99s, environment 32.11s)

